
createpet: success bubble
=========================
table: monstereosio monstereosio pets
    add row:
        {
          "id": 1,
          "owner": "john",
          "name": "bubble",
          "type": 11,
          "created_at": 1577836802,
          "death_at": 0,
          "last_fed_at": 1577836802,
          "last_bed_at": 1577836802,
          "last_awake_at": 1577836803,
          "last_play_at": 1577836802,
          "last_shower_at": 1577836802
        }

createpet: missing authority
=========================
push_transaction {
  "actions": [{
      "account": "monstereosio",
      "name": "createpet",
      "authorization": [{
          "actor": "mary",
          "permission": "active"
        }
      ],
      "data": {
        "owner": "john",
        "pet_name": "oops"
      }
    }
  ]
}
Exception: missing authority of john
table: monstereosio monstereosio pets

createpet: too fast tolerance exception
=========================
push_transaction {
  "actions": [{
      "account": "monstereosio",
      "name": "createpet",
      "authorization": [{
          "actor": "john",
          "permission": "active"
        }
      ],
      "data": {
        "owner": "john",
        "pet_name": "second"
      }
    }
  ]
}
Exception: assertion failure with message: You can't create another pet now
table: monstereosio monstereosio pets

createpet: too fast tolerance 30 minutes
=========================
push_transaction {
  "actions": [{
      "account": "monstereosio",
      "name": "createpet",
      "authorization": [{
          "actor": "john",
          "permission": "active"
        }
      ],
      "data": {
        "owner": "john",
        "pet_name": "second"
      }
    }
  ]
}
Exception: assertion failure with message: You can't create another pet now
table: monstereosio monstereosio pets

createpet: 1h tolerance recreation accepted
=========================
push_transaction {
  "actions": [{
      "account": "monstereosio",
      "name": "createpet",
      "authorization": [{
          "actor": "john",
          "permission": "active"
        }
      ],
      "data": {
        "owner": "john",
        "pet_name": "second"
      }
    }
  ]
}
transaction pushed
table: monstereosio monstereosio pets
    add row:
        {
          "id": 2,
          "owner": "john",
          "name": "second",
          "type": 1,
          "created_at": 1577840523,
          "death_at": 0,
          "last_fed_at": 1577840523,
          "last_bed_at": 1577840523,
          "last_awake_at": 1577840524,
          "last_play_at": 1577840523,
          "last_shower_at": 1577840523
        }
